// Jest Snapshot v1, https://goo.gl/fbAQLP

exports[`Text should render collectly 1`] = `
<styled.p>
  Hello
</styled.p>
`;
